// Jest Snapshot v1, https://goo.gl/fbAQLP

exports[`should map values to coordinates 1`] = `
Array [
  Coord {
    "space": CoordSpace {
      "xInterval": Interval {
        "a": 0,
        "b": 300,
      },
      "yInterval": Interval {
        "a": 0,
        "b": 150,
      },
    },
    "x": 0,
    "y": 120,
  },
  Coord {
    "space": CoordSpace {
      "xInterval": Interval {
        "a": 0,
        "b": 300,
      },
      "yInterval": Interval {
        "a": 0,
        "b": 150,
      },
    },
    "x": 30,
    "y": 90,
  },
  Coord {
    "space": CoordSpace {
      "xInterval": Interval {
        "a": 0,
        "b": 300,
      },
      "yInterval": Interval {
        "a": 0,
        "b": 150,
      },
    },
    "x": 60,
    "y": 150,
  },
  Coord {
    "space": CoordSpace {
      "xInterval": Interval {
        "a": 0,
        "b": 300,
      },
      "yInterval": Interval {
        "a": 0,
        "b": 150,
      },
    },
    "x": 90,
    "y": -30,
  },
]
`;

exports[`should recreate canvas space 1`] = `
CoordSpace {
  "xInterval": Interval {
    "a": 0,
    "b": 300,
  },
  "yInterval": Interval {
    "a": 0,
    "b": 150,
  },
}
`;

exports[`should respect maxDisplayedValues when adding new values 1`] = `
Array [
  5,
  3,
  8,
  9,
]
`;

exports[`should update graph scale acordingly to max and min value 1`] = `
Interval {
  "a": -1.3,
  "b": 8.3,
}
`;
